
> @figma/my-make-file@0.0.1 build
> vite build

[36mvite v6.3.5 [32mbuilding for production...[36m[39m
transforming...
[32mΓ£ô[39m 46 modules transformed.
node.exe : [31mΓ£ù[39m 
Build failed in 531ms
At line:1 char:1
+ & 
"C:\nvm4w\nodejs/node.exe" "
C:\nvm4w\nodejs/node_modules
/npm/bin/np ...
+ ~~~~~~~~~~~~~~~~~~~~~~~~~~
~~~~~~~~~~~~~~~~~~~~~~~~~~~~
~~~~~~~~~~~~~~~
    + CategoryInfo          
    : NotSpecified: ([31m  
  Γ£ù[39m Build failed i   
 n 531ms:String) [], Rem    
oteException
    + FullyQualifiedErrorId 
    : NativeCommandError
 
[31merror during build:
[31m[vite]: Rollup failed 
to resolve import "figma:ass
et/05bc2fc4ceee6f6136e470d3a
403ff6602e7392e.png" from "C
:/Users/Administrator/Deskto
p/howsee front/WEB/Strict 
UI Clone Request/src/app/com
ponents/PropertiesScreen.tsx
".
This is most likely 
unintended because it can 
break your application at 
runtime.
If you do want to 
externalize this module 
explicitly add it to
`build.rollupOptions.externa
l`[31m
    at viteLog (file:///C:/U
sers/Administrator/Desktop/h
owsee%20front/WEB/Strict%20U
I%20Clone%20Request/node_mod
ules/vite/dist/node/chunks/d
ep-DBxKXgDP.js:46345:15)
    at file:///C:/Users/Admi
nistrator/Desktop/howsee%20f
ront/WEB/Strict%20UI%20Clone
%20Request/node_modules/vite
/dist/node/chunks/dep-DBxKXg
DP.js:46403:18
    at onwarn (file:///C:/Us
ers/Administrator/Desktop/ho
wsee%20front/WEB/Strict%20UI
%20Clone%20Request/node_modu
les/@vitejs/plugin-react/dis
t/index.js:90:7)
    at file:///C:/Users/Admi
nistrator/Desktop/howsee%20f
ront/WEB/Strict%20UI%20Clone
%20Request/node_modules/vite
/dist/node/chunks/dep-DBxKXg
DP.js:46401:7
    at onRollupLog (file:///
C:/Users/Administrator/Deskt
op/howsee%20front/WEB/Strict
%20UI%20Clone%20Request/node
_modules/vite/dist/node/chun
ks/dep-DBxKXgDP.js:46393:5)
    at onLog (file:///C:/Use
rs/Administrator/Desktop/how
see%20front/WEB/Strict%20UI%
20Clone%20Request/node_modul
es/vite/dist/node/chunks/dep
-DBxKXgDP.js:46043:7)
    at file:///C:/Users/Admi
nistrator/Desktop/howsee%20f
ront/WEB/Strict%20UI%20Clone
%20Request/node_modules/roll
up/dist/es/shared/node-entry
.js:20981:32
    at Object.logger [as 
onLog] (file:///C:/Users/Adm
inistrator/Desktop/howsee%20
front/WEB/Strict%20UI%20Clon
e%20Request/node_modules/rol
lup/dist/es/shared/node-entr
y.js:22968:9)
    at ModuleLoader.handleIn
validResolvedId (file:///C:/
Users/Administrator/Desktop/
howsee%20front/WEB/Strict%20
UI%20Clone%20Request/node_mo
dules/rollup/dist/es/shared/
node-entry.js:21712:26)
    at file:///C:/Users/Admi
nistrator/Desktop/howsee%20f
ront/WEB/Strict%20UI%20Clone
%20Request/node_modules/roll
up/dist/es/shared/node-entry
.js:21670:26[39m
